// Jest Snapshot v1, https://goo.gl/fbAQLP

exports[`should take a snapshot 1`] = `
<DocumentFragment>
  <div>
    <div>
      <div
        class="nav"
      >
        <input
          id="nav-check"
          type="checkbox"
        />
        <div
          class="nav__header"
        >
          <div
            class="nav__title"
          >
            <a
              class="nav__link--color"
              href="/home"
            >
              CinemaWall
            </a>
          </div>
        </div>
        <div
          class="nav__btn"
        >
          <label
            for="nav-check"
          >
            <span>
              ...
            </span>
            <span>
              ...
            </span>
            <span>
              ...
            </span>
          </label>
        </div>
        <div
          class="nav__links"
        >
          <div
            class="nav__link"
          >
            <a
              class="nav__link--color"
              href="/forms"
            >
              Add Cinema
            </a>
             
          </div>
          <div
            class="nav__link"
          >
            <a
              class="nav__link--color"
              href="/addDirector"
            >
              Add Director
            </a>
          </div>
          <div
            class="nav__link"
          >
            <a
              class="nav__link--color"
              href="/showMovies"
            >
              Movie List
            </a>
          </div>
          <div
            class="nav__link"
          >
            <a
              class="nav__link--color"
              href="/director"
            >
              Director List
            </a>
          </div>
          <div
            class="nav__link"
          >
            <div
              class="dropdown"
            >
              <button
                class="nav__dropbtn"
              >
                Other Options
              </button>
              <div
                class="dropdown-content"
              >
                <span
                  class="dropdown__link"
                >
                  <a
                    class="nav__link--color"
                    href="/deleteMovie"
                  >
                    Delete a Movie
                  </a>
                </span>
                <span
                  class="dropdown__link"
                >
                  <a
                    class="nav__link--color"
                    href="/update"
                  >
                    Update Details
                  </a>
                </span>
              </div>
            </div>
          </div>
        </div>
      </div>
    </div>
    <div
      class="content content--margin"
    >
      <div
        aria-label="Gallery"
        class="carousel"
      >
        <ol
          class="carousel__viewport"
        >
          <li
            class="carousel__slide"
            id="carousel__slide1"
          >
            <div
              class="carousel__snapper"
            >
              <img
                alt=""
                height="100%"
                src="./288732.jpg"
                width="100%"
              />
            </div>
            <a
              class="carousel__prev"
              href="#carousel__slide4"
            >
              Go to last slide
            </a>
            <a
              class="carousel__next"
              href="#carousel__slide2"
            >
              Go to next slide
            </a>
          </li>
          <li
            class="carousel__slide"
            id="carousel__slide2"
          >
            <div
              class="carousel__snapper"
            >
              <img
                alt=""
                height="100%"
                src="./329583.jpg"
                width="100%"
              />
            </div>
            <a
              class="carousel__prev"
              href="#carousel__slide1"
            >
              Go to previous slide
            </a>
            <a
              class="carousel__next"
              href="#carousel__slide3"
            >
              Go to next slide
            </a>
          </li>
          <li
            class="carousel__slide"
            id="carousel__slide3"
          >
            <div
              class="carousel__snapper"
            >
              <img
                alt=""
                height="100%"
                src="./790933.jpg"
                width="100%"
              />
            </div>
            <a
              class="carousel__prev"
              href="#carousel__slide2"
            >
              Go to previous slide
            </a>
            <a
              class="carousel__next"
              href="#carousel__slide4"
            >
              Go to next slide
            </a>
          </li>
        </ol>
        <aside
          class="carousel__navigation"
        >
          <ol
            class="carousel__navigation-list"
          >
            <li
              class="carousel__navigation-item"
            >
              <a
                class="carousel__navigation-button"
                href="#carousel__slide1"
              >
                Go to slide 1
              </a>
            </li>
            <li
              class="carousel__navigation-item"
            >
              <a
                class="carousel__navigation-button"
                href="#carousel__slide2"
              >
                Go to slide 2
              </a>
            </li>
            <li
              class="carousel__navigation-item"
            >
              <a
                class="carousel__navigation-button"
                href="#carousel__slide3"
              >
                Go to slide 3
              </a>
            </li>
          </ol>
        </aside>
      </div>
    </div>
  </div>
</DocumentFragment>
`;
